../Inc/core_cm4.h:1626:22:NVIC_EnableIRQ	16	static
../Inc/core_cm4.h:1872:26:ITM_SendChar	16	static,ignoring_inline_asm
../Src/main.c:13:5:main	16	static
../Src/main.c:41:6:GPIO_init	4	static
../Src/main.c:67:6:timer_delay_ms	16	static
../Src/main.c:91:6:ADC_init	4	static
../Src/main.c:110:6:start_ADC_conversion	4	static
../Src/main.c:121:6:ADC_watchdog_init	8	static
../Src/main.c:153:6:ADC_IRQHandler	16	static
../Src/main.c:201:10:read_ADC	4	static
../Src/main.c:212:7:read_temp_celsius	32	static
../Src/main.c:224:5:_write	32	static
